
> frontend@0.0.0 build
> tsc -b && vite build

src/App.tsx(1,8): error TS6133: 'React' is declared but its value is never read.
src/App.tsx(4,10): error TS1484: 'AnalysisResponse' is a type and must be imported using a type-only import when 'verbatimModuleSyntax' is enabled.
src/components/AnalysisDashboard.tsx(1,1): error TS6133: 'React' is declared but its value is never read.
src/components/AnalysisDashboard.tsx(2,10): error TS1484: 'AnalysisResponse' is a type and must be imported using a type-only import when 'verbatimModuleSyntax' is enabled.
src/components/AnalysisDashboard.tsx(106,31): error TS7006: Parameter 'item' implicitly has an 'any' type.
src/components/AnalysisDashboard.tsx(106,37): error TS7006: Parameter 'idx' implicitly has an 'any' type.
src/components/ValueCard.tsx(1,1): error TS6133: 'React' is declared but its value is never read.
src/components/ValueCard.tsx(2,10): error TS1484: 'Messwert' is a type and must be imported using a type-only import when 'verbatimModuleSyntax' is enabled.
